C:\Users\Trader\Workspaces\CobbInterwebs\numerical-recipes-java\src\main\java\com\nr\pde\Mglin.java
C:\Users\Trader\Workspaces\CobbInterwebs\numerical-recipes-java\src\main\java\com\nr\example\Cyclic_Ex.java
C:\Users\Trader\Workspaces\CobbInterwebs\numerical-recipes-java\src\main\java\com\nr\interp\Poly_interp.java
C:\Users\Trader\Workspaces\CobbInterwebs\numerical-recipes-java\src\main\java\com\nr\root\Roots.java
C:\Users\Trader\Workspaces\CobbInterwebs\numerical-recipes-java\src\main\java\com\nr\fi\Quadrature.java
C:\Users\Trader\Workspaces\CobbInterwebs\numerical-recipes-java\src\main\java\com\nr\model\Fitexy.java
C:\Users\Trader\Workspaces\CobbInterwebs\numerical-recipes-java\src\main\java\com\nr\la\Linbcg.java
C:\Users\Trader\Workspaces\CobbInterwebs\numerical-recipes-java\src\main\java\com\nr\lna\MParith.java
C:\Users\Trader\Workspaces\CobbInterwebs\numerical-recipes-java\src\main\java\com\nr\cg\Voronoi.java
C:\Users\Trader\Workspaces\CobbInterwebs\numerical-recipes-java\src\main\java\com\nr\interp\RBF_inversemultiquadric.java
C:\Users\Trader\Workspaces\CobbInterwebs\numerical-recipes-java\src\main\java\com\nr\bvp\Shoot.java
C:\Users\Trader\Workspaces\CobbInterwebs\numerical-recipes-java\src\main\java\com\nr\sp\Slepian.java
C:\Users\Trader\Workspaces\CobbInterwebs\numerical-recipes-java\src\main\java\com\nr\example\SVD_Ex.java
C:\Users\Trader\Workspaces\CobbInterwebs\numerical-recipes-java\src\main\java\com\nr\model\FGauss.java
C:\Users\Trader\Workspaces\CobbInterwebs\numerical-recipes-java\src\main\java\com\nr\min\Bracketmethod.java
C:\Users\Trader\Workspaces\CobbInterwebs\numerical-recipes-java\src\main\java\com\nr\cg\Boxnode.java
C:\Users\Trader\Workspaces\CobbInterwebs\numerical-recipes-java\src\main\java\com\nr\sf\Erf.java
C:\Users\Trader\Workspaces\CobbInterwebs\numerical-recipes-java\src\main\java\com\nr\la\SVD.java
C:\Users\Trader\Workspaces\CobbInterwebs\numerical-recipes-java\src\main\java\com\nr\sf\Chisqdist.java
C:\Users\Trader\Workspaces\CobbInterwebs\numerical-recipes-java\src\main\java\com\nr\UniVarRealMultiValueFun.java
C:\Users\Trader\Workspaces\CobbInterwebs\numerical-recipes-java\src\main\java\com\nr\RealValueFunWithDiff.java
C:\Users\Trader\Workspaces\CobbInterwebs\numerical-recipes-java\src\main\java\com\nr\RealMultiValueFun.java
C:\Users\Trader\Workspaces\CobbInterwebs\numerical-recipes-java\src\main\java\com\nr\interp\Rational_interp.java
C:\Users\Trader\Workspaces\CobbInterwebs\numerical-recipes-java\src\main\java\com\nr\interp\Shep_interp.java
C:\Users\Trader\Workspaces\CobbInterwebs\numerical-recipes-java\src\main\java\com\nr\cg\Triel.java
C:\Users\Trader\Workspaces\CobbInterwebs\numerical-recipes-java\src\main\java\com\nr\ran\Ranbyte.java
C:\Users\Trader\Workspaces\CobbInterwebs\numerical-recipes-java\src\main\java\com\nr\ode\DerivativeInf.java
C:\Users\Trader\Workspaces\CobbInterwebs\numerical-recipes-java\src\main\java\com\nr\ran\Ranhash.java
C:\Users\Trader\Workspaces\CobbInterwebs\numerical-recipes-java\src\main\java\com\nr\lna\Gray.java
C:\Users\Trader\Workspaces\CobbInterwebs\numerical-recipes-java\src\main\java\com\nr\min\Golden.java
C:\Users\Trader\Workspaces\CobbInterwebs\numerical-recipes-java\src\main\java\com\nr\model\Fitab.java
C:\Users\Trader\Workspaces\CobbInterwebs\numerical-recipes-java\src\main\java\com\nr\ran\Binomialdev.java
C:\Users\Trader\Workspaces\CobbInterwebs\numerical-recipes-java\src\main\java\com\nr\sf\Fermi.java
C:\Users\Trader\Workspaces\CobbInterwebs\numerical-recipes-java\src\main\java\com\nr\interp\Bilin_interp.java
C:\Users\Trader\Workspaces\CobbInterwebs\numerical-recipes-java\src\main\java\com\nr\min\Brent.java
C:\Users\Trader\Workspaces\CobbInterwebs\numerical-recipes-java\src\main\java\com\nr\example\Vander_Ex.java
C:\Users\Trader\Workspaces\CobbInterwebs\numerical-recipes-java\src\main\java\com\nr\ci\Phylo_slc.java
C:\Users\Trader\Workspaces\CobbInterwebs\numerical-recipes-java\src\main\java\com\nr\bvp\Shootf.java
C:\Users\Trader\Workspaces\CobbInterwebs\numerical-recipes-java\src\main\java\com\nr\interp\BaryRat_interp.java
C:\Users\Trader\Workspaces\CobbInterwebs\numerical-recipes-java\src\main\java\com\nr\fi\NRf1.java
C:\Users\Trader\Workspaces\CobbInterwebs\numerical-recipes-java\src\main\java\com\nr\util\Calendar.java
C:\Users\Trader\Workspaces\CobbInterwebs\numerical-recipes-java\src\main\java\com\nr\ci\Phylagglomnode.java
C:\Users\Trader\Workspaces\CobbInterwebs\numerical-recipes-java\src\main\java\com\nr\example\Chebyshev_Ex.java
C:\Users\Trader\Workspaces\CobbInterwebs\numerical-recipes-java\src\main\java\com\nr\min\Powell.java
C:\Users\Trader\Workspaces\CobbInterwebs\numerical-recipes-java\src\main\java\com\nr\ran\Hashfn2.java
C:\Users\Trader\Workspaces\CobbInterwebs\numerical-recipes-java\src\main\java\com\nr\sf\Legendre.java
C:\Users\Trader\Workspaces\CobbInterwebs\numerical-recipes-java\src\main\java\com\nr\root\NRfmin.java
C:\Users\Trader\Workspaces\CobbInterwebs\numerical-recipes-java\src\main\java\com\nr\interp\RBF_thinplate.java
C:\Users\Trader\Workspaces\CobbInterwebs\numerical-recipes-java\src\main\java\com\nr\sp\Spectolap.java
C:\Users\Trader\Workspaces\CobbInterwebs\numerical-recipes-java\src\main\java\com\nr\sp\SquareWin.java
C:\Users\Trader\Workspaces\CobbInterwebs\numerical-recipes-java\src\main\java\com\nr\fi\NRf2.java
C:\Users\Trader\Workspaces\CobbInterwebs\numerical-recipes-java\src\main\java\com\nr\NRUtil.java
C:\Users\Trader\Workspaces\CobbInterwebs\numerical-recipes-java\src\main\java\com\nr\example\LUdcmp_Ex.java
C:\Users\Trader\Workspaces\CobbInterwebs\numerical-recipes-java\src\main\java\com\nr\min\Df1dim.java
C:\Users\Trader\Workspaces\CobbInterwebs\numerical-recipes-java\src\main\java\com\nr\min\StringAlign.java
C:\Users\Trader\Workspaces\CobbInterwebs\numerical-recipes-java\src\main\java\com\nr\ran\Poissondev.java
C:\Users\Trader\Workspaces\CobbInterwebs\numerical-recipes-java\src\main\java\com\nr\ci\Svmpolykernel.java
C:\Users\Trader\Workspaces\CobbInterwebs\numerical-recipes-java\src\main\java\com\nr\fe\Ratfn.java
C:\Users\Trader\Workspaces\CobbInterwebs\numerical-recipes-java\src\main\java\com\nr\ran\Multinormaldev.java
C:\Users\Trader\Workspaces\CobbInterwebs\numerical-recipes-java\src\main\java\com\nr\inv\Fred2.java
C:\Users\Trader\Workspaces\CobbInterwebs\numerical-recipes-java\src\main\java\com\nr\stat\Stattests.java
C:\Users\Trader\Workspaces\CobbInterwebs\numerical-recipes-java\src\main\java\com\nr\sort\EClass.java
C:\Users\Trader\Workspaces\CobbInterwebs\numerical-recipes-java\src\main\java\com\nr\la\Toepltz.java
C:\Users\Trader\Workspaces\CobbInterwebs\numerical-recipes-java\src\main\java\com\nr\ci\Phylo_clc.java
C:\Users\Trader\Workspaces\CobbInterwebs\numerical-recipes-java\src\main\java\com\nr\interp\Laplace_interp.java
C:\Users\Trader\Workspaces\CobbInterwebs\numerical-recipes-java\src\main\java\com\nr\cg\Box.java
C:\Users\Trader\Workspaces\CobbInterwebs\numerical-recipes-java\src\main\java\com\nr\ran\Expondev.java
C:\Users\Trader\Workspaces\CobbInterwebs\numerical-recipes-java\src\main\java\com\nr\ci\Kmeans.java
C:\Users\Trader\Workspaces\CobbInterwebs\numerical-recipes-java\src\main\java\com\nr\fe\Poly.java
C:\Users\Trader\Workspaces\CobbInterwebs\numerical-recipes-java\src\main\java\com\nr\ci\Svmlinkernel.java
C:\Users\Trader\Workspaces\CobbInterwebs\numerical-recipes-java\src\main\java\com\nr\model\Fitmed.java
C:\Users\Trader\Workspaces\CobbInterwebs\numerical-recipes-java\src\main\java\com\nr\cg\Sphcirc.java
C:\Users\Trader\Workspaces\CobbInterwebs\numerical-recipes-java\src\main\java\com\nr\sp\Fourier.java
C:\Users\Trader\Workspaces\CobbInterwebs\numerical-recipes-java\src\main\java\com\nr\sp\Hann.java
C:\Users\Trader\Workspaces\CobbInterwebs\numerical-recipes-java\src\main\java\com\nr\ran\Ranfib.java
C:\Users\Trader\Workspaces\CobbInterwebs\numerical-recipes-java\src\main\java\com\nr\inv\Volterra.java
C:\Users\Trader\Workspaces\CobbInterwebs\numerical-recipes-java\src\main\java\com\nr\ci\Phylagglom.java
C:\Users\Trader\Workspaces\CobbInterwebs\numerical-recipes-java\src\main\java\com\nr\model\Proposal.java
C:\Users\Trader\Workspaces\CobbInterwebs\numerical-recipes-java\src\main\java\com\nr\fft\WrapVecDoub.java
C:\Users\Trader\Workspaces\CobbInterwebs\numerical-recipes-java\src\main\java\com\nr\ran\Mhash.java
C:\Users\Trader\Workspaces\CobbInterwebs\numerical-recipes-java\src\main\java\com\nr\sp\Daub4.java
C:\Users\Trader\Workspaces\CobbInterwebs\numerical-recipes-java\src\main\java\com\nr\la\LUdcmp.java
C:\Users\Trader\Workspaces\CobbInterwebs\numerical-recipes-java\src\main\java\com\nr\sf\Elliptic.java
C:\Users\Trader\Workspaces\CobbInterwebs\numerical-recipes-java\src\main\java\com\nr\min\Linemethod.java
C:\Users\Trader\Workspaces\CobbInterwebs\numerical-recipes-java\src\main\java\com\nr\ran\Logisticdev.java
C:\Users\Trader\Workspaces\CobbInterwebs\numerical-recipes-java\src\main\java\com\nr\ci\Gaumixmod.java
C:\Users\Trader\Workspaces\CobbInterwebs\numerical-recipes-java\src\main\java\com\nr\ode\Stochsim.java
C:\Users\Trader\Workspaces\CobbInterwebs\numerical-recipes-java\src\main\java\com\nr\eig\Jacobi.java
C:\Users\Trader\Workspaces\CobbInterwebs\numerical-recipes-java\src\main\java\com\nr\sf\Integrals.java
C:\Users\Trader\Workspaces\CobbInterwebs\numerical-recipes-java\src\main\java\com\nr\min\Amoeba.java
C:\Users\Trader\Workspaces\CobbInterwebs\numerical-recipes-java\src\main\java\com\nr\root\NRfdjac.java
C:\Users\Trader\Workspaces\CobbInterwebs\numerical-recipes-java\src\main\java\com\nr\cg\KDtree.java
C:\Users\Trader\Workspaces\CobbInterwebs\numerical-recipes-java\src\main\java\com\nr\min\QuasiNewton.java
C:\Users\Trader\Workspaces\CobbInterwebs\numerical-recipes-java\src\main\java\com\nr\interp\Base_interp.java
C:\Users\Trader\Workspaces\CobbInterwebs\numerical-recipes-java\src\main\java\com\nr\model\MultiFuncd.java
C:\Users\Trader\Workspaces\CobbInterwebs\numerical-recipes-java\src\main\java\com\nr\ci\Phylo_upgma.java
C:\Users\Trader\Workspaces\CobbInterwebs\numerical-recipes-java\src\main\java\com\nr\sf\Fdist.java
C:\Users\Trader\Workspaces\CobbInterwebs\numerical-recipes-java\src\main\java\com\nr\UniValRealValueFunWithDiff.java
C:\Users\Trader\Workspaces\CobbInterwebs\numerical-recipes-java\src\main\java\com\nr\model\Fitmrq.java
C:\Users\Trader\Workspaces\CobbInterwebs\numerical-recipes-java\src\main\java\com\nr\fi\Adapt.java
C:\Users\Trader\Workspaces\CobbInterwebs\numerical-recipes-java\src\main\java\com\nr\lna\Arithcode.java
C:\Users\Trader\Workspaces\CobbInterwebs\numerical-recipes-java\src\main\java\com\nr\la\NRsparseCol.java
C:\Users\Trader\Workspaces\CobbInterwebs\numerical-recipes-java\src\main\java\com\nr\ran\Ranlim32.java
C:\Users\Trader\Workspaces\CobbInterwebs\numerical-recipes-java\src\main\java\com\nr\sp\Slepwindow.java
C:\Users\Trader\Workspaces\CobbInterwebs\numerical-recipes-java\src\main\java\com\nr\model\State.java
C:\Users\Trader\Workspaces\CobbInterwebs\numerical-recipes-java\src\main\java\com\nr\fe\Eulsum.java
C:\Users\Trader\Workspaces\CobbInterwebs\numerical-recipes-java\src\main\java\com\nr\cg\Delaunay.java
C:\Users\Trader\Workspaces\CobbInterwebs\numerical-recipes-java\src\main\java\com\nr\sp\WelchWin.java
C:\Users\Trader\Workspaces\CobbInterwebs\numerical-recipes-java\src\main\java\com\nr\eig\Symmeig.java
C:\Users\Trader\Workspaces\CobbInterwebs\numerical-recipes-java\src\main\java\com\nr\ode\Hypderiv.java
C:\Users\Trader\Workspaces\CobbInterwebs\numerical-recipes-java\src\main\java\com\nr\stat\QuadvlInf.java
C:\Users\Trader\Workspaces\CobbInterwebs\numerical-recipes-java\src\main\java\com\nr\sp\Spectreg.java
C:\Users\Trader\Workspaces\CobbInterwebs\numerical-recipes-java\src\main\java\com\nr\interp\RBF_multiquadric.java
C:\Users\Trader\Workspaces\CobbInterwebs\numerical-recipes-java\src\main\java\com\nr\cg\Qotree.java
C:\Users\Trader\Workspaces\CobbInterwebs\numerical-recipes-java\src\main\java\com\nr\la\Bandec.java
C:\Users\Trader\Workspaces\CobbInterwebs\numerical-recipes-java\src\main\java\com\nr\sf\Expondist.java
C:\Users\Trader\Workspaces\CobbInterwebs\numerical-recipes-java\src\main\java\com\nr\root\MNEWT.java
C:\Users\Trader\Workspaces\CobbInterwebs\numerical-recipes-java\src\main\java\com\nr\sp\BartlettWin.java
C:\Users\Trader\Workspaces\CobbInterwebs\numerical-recipes-java\src\main\java\com\nr\lna\Huffcode.java
C:\Users\Trader\Workspaces\CobbInterwebs\numerical-recipes-java\src\main\java\com\nr\sf\Bessjy.java
C:\Users\Trader\Workspaces\CobbInterwebs\numerical-recipes-java\src\main\java\com\nr\la\GaussJordan.java
C:\Users\Trader\Workspaces\CobbInterwebs\numerical-recipes-java\src\main\java\com\nr\example\Zrhqr_Ex.java
C:\Users\Trader\Workspaces\CobbInterwebs\numerical-recipes-java\src\main\java\com\nr\fi\NRf3.java
C:\Users\Trader\Workspaces\CobbInterwebs\numerical-recipes-java\src\main\java\com\nr\model\Plog.java
C:\Users\Trader\Workspaces\CobbInterwebs\numerical-recipes-java\src\main\java\com\nr\sf\Gammadist.java
C:\Users\Trader\Workspaces\CobbInterwebs\numerical-recipes-java\src\main\java\com\nr\fe\Levin.java
C:\Users\Trader\Workspaces\CobbInterwebs\numerical-recipes-java\src\main\java\com\nr\ran\Ranq2.java
C:\Users\Trader\Workspaces\CobbInterwebs\numerical-recipes-java\src\main\java\com\nr\example\Solvde_Ex.java
C:\Users\Trader\Workspaces\CobbInterwebs\numerical-recipes-java\src\main\java\com\nr\sf\Beta.java
C:\Users\Trader\Workspaces\CobbInterwebs\numerical-recipes-java\src\main\java\com\nr\lna\Icrc.java
C:\Users\Trader\Workspaces\CobbInterwebs\numerical-recipes-java\src\main\java\com\nr\interp\PolCoef.java
C:\Users\Trader\Workspaces\CobbInterwebs\numerical-recipes-java\src\main\java\com\nr\sf\Betadist.java
C:\Users\Trader\Workspaces\CobbInterwebs\numerical-recipes-java\src\main\java\com\nr\fe\Chebyshev.java
C:\Users\Trader\Workspaces\CobbInterwebs\numerical-recipes-java\src\main\java\com\nr\ci\HMM.java
C:\Users\Trader\Workspaces\CobbInterwebs\numerical-recipes-java\src\main\java\com\nr\ode\StepperStoerm.java
C:\Users\Trader\Workspaces\CobbInterwebs\numerical-recipes-java\src\main\java\com\nr\example\FFT_Ex.java
C:\Users\Trader\Workspaces\CobbInterwebs\numerical-recipes-java\src\main\java\com\nr\fi\Trapzd.java
C:\Users\Trader\Workspaces\CobbInterwebs\numerical-recipes-java\src\main\java\com\nr\inv\Wwghts.java
C:\Users\Trader\Workspaces\CobbInterwebs\numerical-recipes-java\src\main\java\com\nr\ci\Svmgenkernel.java
C:\Users\Trader\Workspaces\CobbInterwebs\numerical-recipes-java\src\main\java\com\nr\sf\Hypergeo.java
C:\Users\Trader\Workspaces\CobbInterwebs\numerical-recipes-java\src\main\java\com\nr\fi\Midpnt.java
C:\Users\Trader\Workspaces\CobbInterwebs\numerical-recipes-java\src\main\java\com\nr\sp\Daub4i.java
C:\Users\Trader\Workspaces\CobbInterwebs\numerical-recipes-java\src\main\java\com\nr\la\NRsparseMat.java
C:\Users\Trader\Workspaces\CobbInterwebs\numerical-recipes-java\src\main\java\com\nr\RealValueFun.java
C:\Users\Trader\Workspaces\CobbInterwebs\numerical-recipes-java\src\main\java\com\nr\sp\DftInt.java
C:\Users\Trader\Workspaces\CobbInterwebs\numerical-recipes-java\src\main\java\com\nr\stat\Moment.java
C:\Users\Trader\Workspaces\CobbInterwebs\numerical-recipes-java\src\main\java\com\nr\min\Funcd.java
C:\Users\Trader\Workspaces\CobbInterwebs\numerical-recipes-java\src\main\java\com\nr\la\ADAT.java
C:\Users\Trader\Workspaces\CobbInterwebs\numerical-recipes-java\src\main\java\com\nr\sf\KSdist.java
C:\Users\Trader\Workspaces\CobbInterwebs\numerical-recipes-java\src\main\java\com\nr\fi\GaussianWeights.java
C:\Users\Trader\Workspaces\CobbInterwebs\numerical-recipes-java\src\main\java\com\nr\la\Tridag.java
C:\Users\Trader\Workspaces\CobbInterwebs\numerical-recipes-java\src\main\java\com\nr\ran\Normaldev.java
C:\Users\Trader\Workspaces\CobbInterwebs\numerical-recipes-java\src\main\java\com\nr\cg\Minspantree.java
C:\Users\Trader\Workspaces\CobbInterwebs\numerical-recipes-java\src\main\java\com\nr\ran\Hash.java
C:\Users\Trader\Workspaces\CobbInterwebs\numerical-recipes-java\src\main\java\com\nr\min\Dbrent.java
C:\Users\Trader\Workspaces\CobbInterwebs\numerical-recipes-java\src\main\java\com\nr\model\Fitsvd.java
C:\Users\Trader\Workspaces\CobbInterwebs\numerical-recipes-java\src\main\java\com\nr\fi\Midinf.java
C:\Users\Trader\Workspaces\CobbInterwebs\numerical-recipes-java\src\main\java\com\nr\min\Dynpro.java
C:\Users\Trader\Workspaces\CobbInterwebs\numerical-recipes-java\src\main\java\com\nr\ran\Gammadev.java
C:\Users\Trader\Workspaces\CobbInterwebs\numerical-recipes-java\src\main\java\com\nr\sp\Daubs.java
C:\Users\Trader\Workspaces\CobbInterwebs\numerical-recipes-java\src\main\java\com\nr\example\GaussJordan_Ex.java
C:\Users\Trader\Workspaces\CobbInterwebs\numerical-recipes-java\src\main\java\com\nr\ode\StepperRoss.java
C:\Users\Trader\Workspaces\CobbInterwebs\numerical-recipes-java\src\main\java\com\nr\interp\Poly2D_interp.java
C:\Users\Trader\Workspaces\CobbInterwebs\numerical-recipes-java\src\main\java\com\nr\interp\RBF_interp.java
C:\Users\Trader\Workspaces\CobbInterwebs\numerical-recipes-java\src\main\java\com\nr\sort\Indexx.java
C:\Users\Trader\Workspaces\CobbInterwebs\numerical-recipes-java\src\main\java\com\nr\stat\Quadvl.java
C:\Users\Trader\Workspaces\CobbInterwebs\numerical-recipes-java\src\main\java\com\nr\cg\Convexhull.java
C:\Users\Trader\Workspaces\CobbInterwebs\numerical-recipes-java\src\main\java\com\nr\lna\Machar.java
C:\Users\Trader\Workspaces\CobbInterwebs\numerical-recipes-java\src\main\java\com\nr\sf\Lognormaldist.java
C:\Users\Trader\Workspaces\CobbInterwebs\numerical-recipes-java\src\main\java\com\nr\sort\Heapselect.java
C:\Users\Trader\Workspaces\CobbInterwebs\numerical-recipes-java\src\main\java\com\nr\sp\Wavelet.java
C:\Users\Trader\Workspaces\CobbInterwebs\numerical-recipes-java\src\main\java\com\nr\sp\WindowFun.java
C:\Users\Trader\Workspaces\CobbInterwebs\numerical-recipes-java\src\main\java\com\nr\cg\Nearpoints.java
C:\Users\Trader\Workspaces\CobbInterwebs\numerical-recipes-java\src\main\java\com\nr\ci\Phylo_wpgma.java
C:\Users\Trader\Workspaces\CobbInterwebs\numerical-recipes-java\src\main\java\com\nr\ode\StepperDopr5.java
C:\Users\Trader\Workspaces\CobbInterwebs\numerical-recipes-java\src\main\java\com\nr\ci\Svm.java
C:\Users\Trader\Workspaces\CobbInterwebs\numerical-recipes-java\src\main\java\com\nr\ran\Ran.java
C:\Users\Trader\Workspaces\CobbInterwebs\numerical-recipes-java\src\main\java\com\nr\cg\Point.java
C:\Users\Trader\Workspaces\CobbInterwebs\numerical-recipes-java\src\main\java\com\nr\example\Toepltz_Ex.java
C:\Users\Trader\Workspaces\CobbInterwebs\numerical-recipes-java\src\main\java\com\nr\pde\Relaxation.java
C:\Users\Trader\Workspaces\CobbInterwebs\numerical-recipes-java\src\main\java\com\nr\ran\HashAll.java
C:\Users\Trader\Workspaces\CobbInterwebs\numerical-recipes-java\src\main\java\com\nr\ode\Output.java
C:\Users\Trader\Workspaces\CobbInterwebs\numerical-recipes-java\src\main\java\com\nr\pde\Weights.java
C:\Users\Trader\Workspaces\CobbInterwebs\numerical-recipes-java\src\main\java\com\nr\min\F1dim.java
C:\Users\Trader\Workspaces\CobbInterwebs\numerical-recipes-java\src\main\java\com\nr\min\Anneal.java
C:\Users\Trader\Workspaces\CobbInterwebs\numerical-recipes-java\src\main\java\com\nr\min\Amebsa.java
C:\Users\Trader\Workspaces\CobbInterwebs\numerical-recipes-java\src\main\java\com\nr\ran\Normaldev_BM.java
C:\Users\Trader\Workspaces\CobbInterwebs\numerical-recipes-java\src\main\java\com\nr\sf\Studenttdist.java
C:\Users\Trader\Workspaces\CobbInterwebs\numerical-recipes-java\src\main\java\com\nr\example\Zroots_Ex.java
C:\Users\Trader\Workspaces\CobbInterwebs\numerical-recipes-java\src\main\java\com\nr\interp\Spline2D_interp.java
C:\Users\Trader\Workspaces\CobbInterwebs\numerical-recipes-java\src\main\java\com\nr\lna\PSpage.java
C:\Users\Trader\Workspaces\CobbInterwebs\numerical-recipes-java\src\main\java\com\nr\ci\Svmgausskernel.java
C:\Users\Trader\Workspaces\CobbInterwebs\numerical-recipes-java\src\main\java\com\nr\UniVarRealValueFun.java
C:\Users\Trader\Workspaces\CobbInterwebs\numerical-recipes-java\src\main\java\com\nr\ran\MCintegrate.java
C:\Users\Trader\Workspaces\CobbInterwebs\numerical-recipes-java\src\main\java\com\nr\ode\StepperBase.java
C:\Users\Trader\Workspaces\CobbInterwebs\numerical-recipes-java\src\main\java\com\nr\sort\EquivalenceInf.java
C:\Users\Trader\Workspaces\CobbInterwebs\numerical-recipes-java\src\main\java\com\nr\model\Fitlin.java
C:\Users\Trader\Workspaces\CobbInterwebs\numerical-recipes-java\src\main\java\com\nr\ci\Phylo_nj.java
C:\Users\Trader\Workspaces\CobbInterwebs\numerical-recipes-java\src\main\java\com\nr\interp\Krig.java
C:\Users\Trader\Workspaces\CobbInterwebs\numerical-recipes-java\src\main\java\com\nr\fi\DErule.java
C:\Users\Trader\Workspaces\CobbInterwebs\numerical-recipes-java\src\main\java\com\nr\sf\Logisticdist.java
C:\Users\Trader\Workspaces\CobbInterwebs\numerical-recipes-java\src\main\java\com\nr\sf\Cauchydist.java
C:\Users\Trader\Workspaces\CobbInterwebs\numerical-recipes-java\src\main\java\com\nr\la\NRsparseLinbcg.java
C:\Users\Trader\Workspaces\CobbInterwebs\numerical-recipes-java\src\main\java\com\nr\ran\Cauchydev.java
C:\Users\Trader\Workspaces\CobbInterwebs\numerical-recipes-java\src\main\java\com\nr\min\Frprmn.java
C:\Users\Trader\Workspaces\CobbInterwebs\numerical-recipes-java\src\main\java\com\nr\ran\VEGAS.java
C:\Users\Trader\Workspaces\CobbInterwebs\numerical-recipes-java\src\main\java\com\nr\fft\FFT.java
C:\Users\Trader\Workspaces\CobbInterwebs\numerical-recipes-java\src\main\java\com\nr\interp\Powvargram.java
C:\Users\Trader\Workspaces\CobbInterwebs\numerical-recipes-java\src\main\java\com\nr\sf\Poissondist.java
C:\Users\Trader\Workspaces\CobbInterwebs\numerical-recipes-java\src\main\java\com\nr\example\Levin_Ex.java
C:\Users\Trader\Workspaces\CobbInterwebs\numerical-recipes-java\src\main\java\com\nr\ode\StepperDopr853.java
C:\Users\Trader\Workspaces\CobbInterwebs\numerical-recipes-java\src\main\java\com\nr\sf\Gamma.java
C:\Users\Trader\Workspaces\CobbInterwebs\numerical-recipes-java\src\main\java\com\nr\ran\Hashtable.java
C:\Users\Trader\Workspaces\CobbInterwebs\numerical-recipes-java\src\main\java\com\nr\ode\StepperBS.java
C:\Users\Trader\Workspaces\CobbInterwebs\numerical-recipes-java\src\main\java\com\nr\sort\Sorter.java
C:\Users\Trader\Workspaces\CobbInterwebs\numerical-recipes-java\src\main\java\com\nr\ran\Primpolytest.java
C:\Users\Trader\Workspaces\CobbInterwebs\numerical-recipes-java\src\main\java\com\nr\interp\RBF_fn.java
C:\Users\Trader\Workspaces\CobbInterwebs\numerical-recipes-java\src\main\java\com\nr\inv\Quad_matrix.java
C:\Users\Trader\Workspaces\CobbInterwebs\numerical-recipes-java\src\main\java\com\nr\fe\Dfridr.java
C:\Users\Trader\Workspaces\CobbInterwebs\numerical-recipes-java\src\main\java\com\nr\ode\Odeint.java
C:\Users\Trader\Workspaces\CobbInterwebs\numerical-recipes-java\src\main\java\com\nr\ran\Ranq1.java
C:\Users\Trader\Workspaces\CobbInterwebs\numerical-recipes-java\src\main\java\com\nr\example\Cholesky_Ex.java
C:\Users\Trader\Workspaces\CobbInterwebs\numerical-recipes-java\src\main\java\com\nr\la\Vander.java
C:\Users\Trader\Workspaces\CobbInterwebs\numerical-recipes-java\src\main\java\com\nr\la\QRdcmp.java
C:\Users\Trader\Workspaces\CobbInterwebs\numerical-recipes-java\src\main\java\com\nr\bvp\Solvde.java
C:\Users\Trader\Workspaces\CobbInterwebs\numerical-recipes-java\src\main\java\com\nr\cg\Circle.java
C:\Users\Trader\Workspaces\CobbInterwebs\numerical-recipes-java\src\main\java\com\nr\Complex.java
C:\Users\Trader\Workspaces\CobbInterwebs\numerical-recipes-java\src\main\java\com\nr\interp\Linear_interp.java
C:\Users\Trader\Workspaces\CobbInterwebs\numerical-recipes-java\src\main\java\com\nr\interp\Curve_interp.java
C:\Users\Trader\Workspaces\CobbInterwebs\numerical-recipes-java\src\main\java\com\nr\lna\PSplot.java
C:\Users\Trader\Workspaces\CobbInterwebs\numerical-recipes-java\src\main\java\com\nr\min\Dlinemethod.java
C:\Users\Trader\Workspaces\CobbInterwebs\numerical-recipes-java\src\main\java\com\nr\sf\Bessik.java
C:\Users\Trader\Workspaces\CobbInterwebs\numerical-recipes-java\src\main\java\com\nr\sf\Bessel.java
C:\Users\Trader\Workspaces\CobbInterwebs\numerical-recipes-java\src\main\java\com\nr\sf\Binomialdist.java
C:\Users\Trader\Workspaces\CobbInterwebs\numerical-recipes-java\src\main\java\com\nr\ran\Miser.java
C:\Users\Trader\Workspaces\CobbInterwebs\numerical-recipes-java\src\main\java\com\nr\fe\Epsalg.java
C:\Users\Trader\Workspaces\CobbInterwebs\numerical-recipes-java\src\main\java\com\nr\fi\Stiel.java
C:\Users\Trader\Workspaces\CobbInterwebs\numerical-recipes-java\src\main\java\com\nr\ran\Hashfn1.java
C:\Users\Trader\Workspaces\CobbInterwebs\numerical-recipes-java\src\main\java\com\nr\fi\Midexp.java
C:\Users\Trader\Workspaces\CobbInterwebs\numerical-recipes-java\src\main\java\com\nr\sort\IQagent.java
C:\Users\Trader\Workspaces\CobbInterwebs\numerical-recipes-java\src\main\java\com\nr\eig\Unsymmeig.java
C:\Users\Trader\Workspaces\CobbInterwebs\numerical-recipes-java\src\main\java\com\nr\cg\Polygon.java
C:\Users\Trader\Workspaces\CobbInterwebs\numerical-recipes-java\src\main\java\com\nr\fi\Midsql.java
C:\Users\Trader\Workspaces\CobbInterwebs\numerical-recipes-java\src\main\java\com\nr\example\Bandec_Ex.java
C:\Users\Trader\Workspaces\CobbInterwebs\numerical-recipes-java\src\main\java\com\nr\sf\Normaldist.java
C:\Users\Trader\Workspaces\CobbInterwebs\numerical-recipes-java\src\main\java\com\nr\la\Cholesky.java
C:\Users\Trader\Workspaces\CobbInterwebs\numerical-recipes-java\src\main\java\com\nr\ode\StepperSie.java
C:\Users\Trader\Workspaces\CobbInterwebs\numerical-recipes-java\src\main\java\com\nr\pde\Mgfas.java
C:\Users\Trader\Workspaces\CobbInterwebs\numerical-recipes-java\src\main\java\com\nr\example\Trigag_Ex.java
C:\Users\Trader\Workspaces\CobbInterwebs\numerical-recipes-java\src\main\java\com\nr\interp\RBF_gauss.java
C:\Users\Trader\Workspaces\CobbInterwebs\numerical-recipes-java\src\main\java\com\nr\stat\SavitzkyGolayFilter.java
C:\Users\Trader\Workspaces\CobbInterwebs\numerical-recipes-java\src\main\java\com\nr\ran\Sobol.java
C:\Users\Trader\Workspaces\CobbInterwebs\numerical-recipes-java\src\main\java\com\nr\sf\Gauleg18.java
C:\Users\Trader\Workspaces\CobbInterwebs\numerical-recipes-java\src\main\java\com\nr\bvp\Difeq.java
C:\Users\Trader\Workspaces\CobbInterwebs\numerical-recipes-java\src\main\java\com\nr\fi\Midsqu.java
C:\Users\Trader\Workspaces\CobbInterwebs\numerical-recipes-java\src\main\java\com\nr\example\QRdcmp_Ex.java
C:\Users\Trader\Workspaces\CobbInterwebs\numerical-recipes-java\src\main\java\com\nr\interp\Spline_interp.java
